// Jest Snapshot v1, https://goo.gl/fbAQLP

exports[`SimpleLayout matches snapshot (regression test): Full component snapshot. 1`] = `
<div
  class="sm:px-8 mt-16 sm:mt-32"
  data-testid="Container"
>
  <div
    class="mx-auto w-full max-w-7xl lg:px-8"
  >
    <div
      class="relative px-4 sm:px-8 lg:px-12"
    >
      <div
        class="mx-auto max-w-2xl lg:max-w-5xl"
      >
        <header
          class="max-w-2xl"
        >
          <h1
            class="text-4xl font-bold tracking-tight text-zinc-800 dark:text-zinc-100 sm:text-4xl"
          >
            Test title.
          </h1>
          <p
            class="mt-6 text-base text-zinc-600 dark:text-zinc-400"
          >
            This is the intro text.
          </p>
        </header>
        <div
          class="mt-16 sm:mt-20"
        >
          Text.
        </div>
      </div>
    </div>
  </div>
</div>
`;
