// Jest Snapshot v1, https://goo.gl/fbAQLP

exports[`should match page snapshot: page snapshot 1`] = `
<div
  class="sm:px-8 mt-16 sm:mt-32"
  data-testid="Container"
>
  <div
    class="mx-auto w-full max-w-7xl lg:px-8"
  >
    <div
      class="relative px-4 sm:px-8 lg:px-12"
    >
      <div
        class="mx-auto max-w-2xl lg:max-w-5xl"
      >
        <header
          class="max-w-2xl"
        >
          <h1
            class="text-4xl font-bold tracking-tight text-zinc-800 dark:text-zinc-100 sm:text-4xl"
          >
            Thanks for reaching out!
          </h1>
          <p
            class="mt-6 text-base text-zinc-600 dark:text-zinc-400"
          >
            I will get back to you soon.
          </p>
        </header>
        <div
          class="mt-16 sm:mt-20"
        >
          <a
            href="/contact"
          >
            <button
              class="disabled:opacity-30 inline-flex items-center gap-2 justify-center rounded-md py-2 px-3 text-sm outline-offset-2 transition active:transition-none bg-yellow-500 font-semibold text-zinc-100 hover:bg-yellow-600 active:bg-yellow-500 active:text-zinc-100/70 dark:bg-yellow-400 dark:hover:bg-yellow-500 dark:active:bg-yellow-700 dark:active:text-zinc-100/70"
            >
              Return to Form
            </button>
          </a>
        </div>
      </div>
    </div>
  </div>
</div>
`;
