// Jest Snapshot v1, https://goo.gl/fbAQLP

exports[`Icons matches snapshot (regression test): 'Full component snapshot.' 1`] = `
<div
  class="inline-flex"
  data-testid="Icons"
>
  <svg
    aria-hidden="true"
    class="h-6 w-6"
    fill="none"
    viewBox="0 0 16 16"
  >
    <path
      d="M4.75 8.75 8 12.25m0 0 3.25-3.5M8 12.25v-8.5"
      stroke-linecap="round"
      stroke-linejoin="round"
      stroke-width="1.5"
    />
  </svg>
  <svg
    aria-hidden="true"
    class="h-6 w-6"
    fill="none"
    viewBox="0 0 16 16"
  >
    <path
      d="M7.25 11.25 3.75 8m0 0 3.5-3.25M3.75 8h8.5"
      stroke-linecap="round"
      stroke-linejoin="round"
      stroke-width="1.5"
    />
  </svg>
  <svg
    aria-hidden="true"
    class="h-6 w-6"
    fill="none"
    stroke-linecap="round"
    stroke-linejoin="round"
    stroke-width="1.5"
    viewBox="0 0 24 24"
  >
    <path
      class="fill-zinc-100 stroke-zinc-400 dark:fill-zinc-100/10 dark:stroke-zinc-500"
      d="M9 12.75L11.25 15 15 9.75M21 12c0 1.268-.63 2.39-1.593 3.068a3.745 3.745 0 01-1.043 3.296 3.745 3.745 0 01-3.296 1.043A3.745 3.745 0 0112 21c-1.268 0-2.39-.63-3.068-1.593a3.746 3.746 0 01-3.296-1.043 3.745 3.745 0 01-1.043-3.296A3.745 3.745 0 013 12c0-1.268.63-2.39 1.593-3.068a3.745 3.745 0 011.043-3.296 3.746 3.746 0 013.296-1.043A3.746 3.746 0 0112 3c1.268 0 2.39.63 3.068 1.593a3.746 3.746 0 013.296 1.043 3.746 3.746 0 011.043 3.296A3.745 3.745 0 0121 12z"
    />
  </svg>
  <svg
    aria-hidden="true"
    class="h-6 w-6"
    fill="none"
    stroke-linecap="round"
    stroke-linejoin="round"
    stroke-width="1.5"
    viewBox="0 0 24 24"
  >
    <path
      class="fill-zinc-100 stroke-zinc-400 dark:fill-zinc-100/10 dark:stroke-zinc-500"
      d="M2.75 9.75a3 3 0 0 1 3-3h12.5a3 3 0 0 1 3 3v8.5a3 3 0 0 1-3 3H5.75a3 3 0 0 1-3-3v-8.5Z"
    />
    <path
      class="stroke-zinc-400 dark:stroke-zinc-500"
      d="M3 14.25h6.249c.484 0 .952-.002 1.316.319l.777.682a.996.996 0 0 0 1.316 0l.777-.682c.364-.32.832-.319 1.316-.319H21M8.75 6.5V4.75a2 2 0 0 1 2-2h2.5a2 2 0 0 1 2 2V6.5"
    />
  </svg>
  <svg
    class="h-6 w-6"
    fill="none"
    stroke-width="1.5"
    viewBox="0 0 24 24"
    xmlns="http://www.w3.org/2000/svg"
  >
    <path
      class="fill-zinc-100 stroke-zinc-400 dark:fill-zinc-100/10 dark:stroke-zinc-500"
      d="M7.5 8.25h9m-9 3H12m-9.75 1.51c0 1.6 1.123 2.994 2.707 3.227 1.129.166 2.27.293 3.423.379.35.026.67.21.865.501L12 21l2.755-4.133a1.14 1.14 0 01.865-.501 48.172 48.172 0 003.423-.379c1.584-.233 2.707-1.626 2.707-3.228V6.741c0-1.602-1.123-2.995-2.707-3.228A48.394 48.394 0 0012 3c-2.392 0-4.744.175-7.043.513C3.373 3.746 2.25 5.14 2.25 6.741v6.018z"
      stroke-linecap="round"
      stroke-linejoin="round"
    />
  </svg>
  <svg
    aria-hidden="true"
    class="h-6 w-6"
    viewBox="0 0 8 6"
  >
    <path
      d="M1.75 1.75 4 4.25l2.25-2.5"
      fill="none"
      stroke-linecap="round"
      stroke-linejoin="round"
      stroke-width="1.5"
    />
  </svg>
  <svg
    aria-hidden="true"
    class="h-6 w-6"
    fill="none"
    viewBox="0 0 16 16"
  >
    <path
      d="M6.75 5.75 9.25 8l-2.5 2.25"
      stroke-linecap="round"
      stroke-linejoin="round"
      stroke-width="1.5"
    />
  </svg>
  <svg
    aria-hidden="true"
    class="h-6 w-6"
    viewBox="0 0 24 24"
  >
    <path
      d="m17.25 6.75-10.5 10.5M6.75 6.75l10.5 10.5"
      fill="none"
      stroke="currentColor"
      stroke-linecap="round"
      stroke-linejoin="round"
      stroke-width="1.5"
    />
  </svg>
  <svg
    aria-hidden="true"
    class="h-6 w-6"
    viewBox="0 0 24 24"
  >
    <path
      clip-rule="evenodd"
      d="M12 2C6.475 2 2 6.588 2 12.253c0 4.537 2.862 8.369 6.838 9.727.5.09.687-.218.687-.487 0-.243-.013-1.05-.013-1.91C7 20.059 6.35 18.957 6.15 18.38c-.113-.295-.6-1.205-1.025-1.448-.35-.192-.85-.667-.013-.68.788-.012 1.35.744 1.538 1.051.9 1.551 2.338 1.116 2.912.846.088-.666.35-1.115.638-1.371-2.225-.256-4.55-1.14-4.55-5.062 0-1.115.387-2.038 1.025-2.756-.1-.256-.45-1.307.1-2.717 0 0 .837-.269 2.75 1.051.8-.23 1.65-.346 2.5-.346.85 0 1.7.115 2.5.346 1.912-1.333 2.75-1.05 2.75-1.05.55 1.409.2 2.46.1 2.716.637.718 1.025 1.628 1.025 2.756 0 3.934-2.337 4.806-4.562 5.062.362.32.675.936.675 1.897 0 1.371-.013 2.473-.013 2.82 0 .268.188.589.688.486a10.039 10.039 0 0 0 4.932-3.74A10.447 10.447 0 0 0 22 12.253C22 6.588 17.525 2 12 2Z"
      fill-rule="evenodd"
    />
  </svg>
  <svg
    aria-hidden="true"
    class="h-6 w-6"
    viewBox="0 0 24 24"
  >
    <path
      d="M12 3c-2.444 0-2.75.01-3.71.054-.959.044-1.613.196-2.185.418A4.412 4.412 0 0 0 4.51 4.511c-.5.5-.809 1.002-1.039 1.594-.222.572-.374 1.226-.418 2.184C3.01 9.25 3 9.556 3 12s.01 2.75.054 3.71c.044.959.196 1.613.418 2.185.23.592.538 1.094 1.039 1.595.5.5 1.002.808 1.594 1.038.572.222 1.226.374 2.184.418C9.25 20.99 9.556 21 12 21s2.75-.01 3.71-.054c.959-.044 1.613-.196 2.185-.419a4.412 4.412 0 0 0 1.595-1.038c.5-.5.808-1.002 1.038-1.594.222-.572.374-1.226.418-2.184.044-.96.054-1.267.054-3.711s-.01-2.75-.054-3.71c-.044-.959-.196-1.613-.419-2.185A4.412 4.412 0 0 0 19.49 4.51c-.5-.5-1.002-.809-1.594-1.039-.572-.222-1.226-.374-2.184-.418C14.75 3.01 14.444 3 12 3Zm0 1.622c2.403 0 2.688.009 3.637.052.877.04 1.354.187 1.67.31.421.163.72.358 1.036.673.315.315.51.615.673 1.035.123.317.27.794.31 1.671.043.95.052 1.234.052 3.637s-.009 2.688-.052 3.637c-.04.877-.187 1.354-.31 1.67-.163.421-.358.72-.673 1.036a2.79 2.79 0 0 1-1.035.673c-.317.123-.794.27-1.671.31-.95.043-1.234.052-3.637.052s-2.688-.009-3.637-.052c-.877-.04-1.354-.187-1.67-.31a2.789 2.789 0 0 1-1.036-.673 2.79 2.79 0 0 1-.673-1.035c-.123-.317-.27-.794-.31-1.671-.043-.95-.052-1.234-.052-3.637s.009-2.688.052-3.637c.04-.877.187-1.354.31-1.67.163-.421.358-.72.673-1.036.315-.315.615-.51 1.035-.673.317-.123.794-.27 1.671-.31.95-.043 1.234-.052 3.637-.052Z"
    />
    <path
      d="M12 15a3 3 0 1 1 0-6 3 3 0 0 1 0 6Zm0-7.622a4.622 4.622 0 1 0 0 9.244 4.622 4.622 0 0 0 0-9.244Zm5.884-.182a1.08 1.08 0 1 1-2.16 0 1.08 1.08 0 0 1 2.16 0Z"
    />
  </svg>
  <svg
    aria-hidden="true"
    class="h-6 w-6"
    viewBox="0 0 24 24"
  >
    <path
      d="M15.712 11.823a.75.75 0 1 0 1.06 1.06l-1.06-1.06Zm-4.95 1.768a.75.75 0 0 0 1.06-1.06l-1.06 1.06Zm-2.475-1.414a.75.75 0 1 0-1.06-1.06l1.06 1.06Zm4.95-1.768a.75.75 0 1 0-1.06 1.06l1.06-1.06Zm3.359.53-.884.884 1.06 1.06.885-.883-1.061-1.06Zm-4.95-2.12 1.414-1.415L12 6.344l-1.415 1.413 1.061 1.061Zm0 3.535a2.5 2.5 0 0 1 0-3.536l-1.06-1.06a4 4 0 0 0 0 5.656l1.06-1.06Zm4.95-4.95a2.5 2.5 0 0 1 0 3.535L17.656 12a4 4 0 0 0 0-5.657l-1.06 1.06Zm1.06-1.06a4 4 0 0 0-5.656 0l1.06 1.06a2.5 2.5 0 0 1 3.536 0l1.06-1.06Zm-7.07 7.07.176.177 1.06-1.06-.176-.177-1.06 1.06Zm-3.183-.353.884-.884-1.06-1.06-.884.883 1.06 1.06Zm4.95 2.121-1.414 1.414 1.06 1.06 1.415-1.413-1.06-1.061Zm0-3.536a2.5 2.5 0 0 1 0 3.536l1.06 1.06a4 4 0 0 0 0-5.656l-1.06 1.06Zm-4.95 4.95a2.5 2.5 0 0 1 0-3.535L6.344 12a4 4 0 0 0 0 5.656l1.06-1.06Zm-1.06 1.06a4 4 0 0 0 5.657 0l-1.061-1.06a2.5 2.5 0 0 1-3.535 0l-1.061 1.06Zm7.07-7.07-.176-.177-1.06 1.06.176.178 1.06-1.061Z"
      fill="currentColor"
    />
  </svg>
  <svg
    aria-hidden="true"
    class="h-6 w-6"
    viewBox="0 0 24 24"
  >
    <path
      d="M18.335 18.339H15.67v-4.177c0-.996-.02-2.278-1.39-2.278-1.389 0-1.601 1.084-1.601 2.205v4.25h-2.666V9.75h2.56v1.17h.035c.358-.674 1.228-1.387 2.528-1.387 2.7 0 3.2 1.778 3.2 4.091v4.715zM7.003 8.575a1.546 1.546 0 01-1.548-1.549 1.548 1.548 0 111.547 1.549zm1.336 9.764H5.666V9.75H8.34v8.589zM19.67 3H4.329C3.593 3 3 3.58 3 4.297v15.406C3 20.42 3.594 21 4.328 21h15.338C20.4 21 21 20.42 21 19.703V4.297C21 3.58 20.4 3 19.666 3h.003z"
    />
  </svg>
  <svg
    aria-hidden="true"
    class="h-6 w-6"
    fill="none"
    stroke-linecap="round"
    stroke-linejoin="round"
    stroke-width="1.5"
    viewBox="0 0 24 24"
  >
    <path
      class="fill-zinc-100 stroke-zinc-400 dark:fill-zinc-100/10 dark:stroke-zinc-500"
      d="M2.75 7.75a3 3 0 0 1 3-3h12.5a3 3 0 0 1 3 3v8.5a3 3 0 0 1-3 3H5.75a3 3 0 0 1-3-3v-8.5Z"
    />
    <path
      class="stroke-zinc-400 dark:stroke-zinc-500"
      d="m4 6 6.024 5.479a2.915 2.915 0 0 0 3.952 0L20 6"
    />
  </svg>
  <svg
    aria-hidden="true"
    class="h-6 w-6"
    viewBox="0 0 24 24"
  >
    <path
      d="M17.25 16.22a6.937 6.937 0 0 1-9.47-9.47 7.451 7.451 0 1 0 9.47 9.47ZM12.75 7C17 7 17 2.75 17 2.75S17 7 21.25 7C17 7 17 11.25 17 11.25S17 7 12.75 7Z"
      stroke-linecap="round"
      stroke-linejoin="round"
      stroke-width="1.5"
    />
  </svg>
  <svg
    aria-hidden="true"
    class="h-6 w-6"
    fill="none"
    stroke-linecap="round"
    stroke-linejoin="round"
    stroke-width="1.5"
    viewBox="0 0 24 24"
  >
    <path
      class="fill-zinc-100 stroke-zinc-400 dark:fill-zinc-100/10 dark:stroke-zinc-500"
      d="M15.59 14.37a6 6 0 01-5.84 7.38v-4.8m5.84-2.58a14.98 14.98 0 006.16-12.12A14.98 14.98 0 009.631 8.41m5.96 5.96a14.926 14.926 0 01-5.841 2.58m-.119-8.54a6 6 0 00-7.381 5.84h4.8m2.581-5.84a14.927 14.927 0 00-2.58 5.84m2.699 2.7c-.103.021-.207.041-.311.06a15.09 15.09 0 01-2.448-2.448 14.9 14.9 0 01.06-.312m-2.24 2.39a4.493 4.493 0 00-1.757 4.306 4.493 4.493 0 004.306-1.758M16.5 9a1.5 1.5 0 11-3 0 1.5 1.5 0 013 0z"
    />
  </svg>
  <svg
    aria-hidden="true"
    class="h-6 w-6"
    viewBox="0 0 24 24"
  >
    <path
      d="M15.387 17.944l-2.089-4.116h-3.065L15.387 24l5.15-10.172h-3.066m-7.008-5.599l2.836 5.598h4.172L10.463 0l-7 13.828h4.169"
    />
  </svg>
  <svg
    aria-hidden="true"
    class="h-6 w-6"
    stroke-linecap="round"
    stroke-linejoin="round"
    stroke-width="1.5"
    viewBox="0 0 24 24"
  >
    <path
      d="M8 12.25A4.25 4.25 0 0 1 12.25 8v0a4.25 4.25 0 0 1 4.25 4.25v0a4.25 4.25 0 0 1-4.25 4.25v0A4.25 4.25 0 0 1 8 12.25v0Z"
    />
    <path
      d="M12.25 3v1.5M21.5 12.25H20M18.791 18.791l-1.06-1.06M18.791 5.709l-1.06 1.06M12.25 20v1.5M4.5 12.25H3M6.77 6.77 5.709 5.709M6.77 17.73l-1.061 1.061"
      fill="none"
    />
  </svg>
  <svg
    class="h-6 w-6"
    fill="none"
    stroke-width="1.5"
    viewBox="0 0 24 24"
    xmlns="http://www.w3.org/2000/svg"
  >
    <path
      d="M16.5 18.75h-9m9 0a3 3 0 013 3h-15a3 3 0 013-3m9 0v-3.375c0-.621-.503-1.125-1.125-1.125h-.871M7.5 18.75v-3.375c0-.621.504-1.125 1.125-1.125h.872m5.007 0H9.497m5.007 0a7.454 7.454 0 01-.982-3.172M9.497 14.25a7.454 7.454 0 00.981-3.172M5.25 4.236c-.982.143-1.954.317-2.916.52A6.003 6.003 0 007.73 9.728M5.25 4.236V4.5c0 2.108.966 3.99 2.48 5.228M5.25 4.236V2.721C7.456 2.41 9.71 2.25 12 2.25c2.291 0 4.545.16 6.75.47v1.516M7.73 9.728a6.726 6.726 0 002.748 1.35m8.272-6.842V4.5c0 2.108-.966 3.99-2.48 5.228m2.48-5.492a46.32 46.32 0 012.916.52 6.003 6.003 0 01-5.395 4.972m0 0a6.726 6.726 0 01-2.749 1.35m0 0a6.772 6.772 0 01-3.044 0"
      stroke-linecap="round"
      stroke-linejoin="round"
    />
  </svg>
  <svg
    aria-hidden="true"
    class="h-6 w-6"
    viewBox="0 0 24 24"
  >
    <path
      d="M20.055 7.983c.011.174.011.347.011.523 0 5.338-3.92 11.494-11.09 11.494v-.003A10.755 10.755 0 0 1 3 18.186c.308.038.618.057.928.058a7.655 7.655 0 0 0 4.841-1.733c-1.668-.032-3.13-1.16-3.642-2.805a3.753 3.753 0 0 0 1.76-.07C5.07 13.256 3.76 11.6 3.76 9.676v-.05a3.77 3.77 0 0 0 1.77.505C3.816 8.945 3.288 6.583 4.322 4.737c1.98 2.524 4.9 4.058 8.034 4.22a4.137 4.137 0 0 1 1.128-3.86A3.807 3.807 0 0 1 19 5.274a7.657 7.657 0 0 0 2.475-.98c-.29.934-.9 1.729-1.713 2.233A7.54 7.54 0 0 0 22 5.89a8.084 8.084 0 0 1-1.945 2.093Z"
    />
  </svg>
</div>
`;
