// Jest Snapshot v1, https://goo.gl/fbAQLP

exports[`DesktopNavigation matches snapshot (regression test): Full component snapshot. 1`] = `
<nav
  data-testid="DesktopNavigation"
>
  <ul
    class="flex rounded-full bg-white/90 px-3 text-sm font-medium text-zinc-800 shadow-lg shadow-zinc-800/5 ring-1 ring-zinc-900/5 backdrop-blur dark:bg-zinc-800/90 dark:text-zinc-200 dark:ring-white/10"
  >
    <p>
      NavItem
    </p>
    <p>
      NavItem
    </p>
    <p>
      NavItem
    </p>
    <p>
      NavItem
    </p>
    <p>
      NavItem
    </p>
  </ul>
</nav>
`;
