// Jest Snapshot v1, https://goo.gl/fbAQLP

exports[`Button matches snapshot (regression test): Full component snapshot. 1`] = `
<div
  data-testid="Button"
>
  <script>
    !function(){try{var d=document.documentElement,c=d.classList;c.remove('light','dark');var e=localStorage.getItem('theme');if('system'===e||(!e&&true)){var t='(prefers-color-scheme: dark)',m=window.matchMedia(t);if(m.media!==t||m.matches){d.style.colorScheme = 'dark';c.add('dark')}else{d.style.colorScheme = 'light';c.add('light')}}else if(e){c.add(e|| '')}if(e==='light'||e==='dark')d.style.colorScheme=e}catch(e){}}()
  </script>
  <button
    class="disabled:opacity-30 inline-flex items-center gap-2 justify-center rounded-md py-2 px-3 text-sm outline-offset-2 transition active:transition-none bg-orange-500 font-semibold text-zinc-100 hover:bg-orange-600 active:bg-orange-500 active:text-zinc-100/70 dark:bg-orange-400 dark:hover:bg-orange-500 dark:active:bg-orange-700 dark:active:text-zinc-100/70"
  >
    Primary Button
  </button>
  <script>
    !function(){try{var d=document.documentElement,c=d.classList;c.remove('light','dark');var e=localStorage.getItem('theme');if('system'===e||(!e&&true)){var t='(prefers-color-scheme: dark)',m=window.matchMedia(t);if(m.media!==t||m.matches){d.style.colorScheme = 'dark';c.add('dark')}else{d.style.colorScheme = 'light';c.add('light')}}else if(e){c.add(e|| '')}if(e==='light'||e==='dark')d.style.colorScheme=e}catch(e){}}()
  </script>
  <button
    class="disabled:opacity-30 inline-flex items-center gap-2 justify-center rounded-md py-2 px-3 text-sm outline-offset-2 transition active:transition-none bg-zinc-50 font-medium text-zinc-900 hover:bg-zinc-100 active:bg-zinc-100 active:text-zinc-900/60 dark:bg-zinc-800/50 dark:text-zinc-300 dark:hover:bg-zinc-800 dark:hover:text-zinc-50 dark:active:bg-zinc-800/50 dark:active:text-zinc-50/70"
  >
    Secondary Button
  </button>
</div>
`;
