// Jest Snapshot v1, https://goo.gl/fbAQLP

exports[`Container matches snapshot (regression test): Full component snapshot. 1`] = `
<div
  class="sm:px-8"
  data-testid="Container"
>
  <div
    class="mx-auto w-full max-w-7xl lg:px-8"
  >
    <div
      class="relative px-4 sm:px-8 lg:px-12"
    >
      <div
        class="mx-auto max-w-2xl lg:max-w-5xl"
      >
        <p>
          This is some content.
        </p>
      </div>
    </div>
  </div>
</div>
`;
