// Jest Snapshot v1, https://goo.gl/fbAQLP

exports[`Photos matches snapshot (regression test): Full component snapshot. 1`] = `
<div
  class="mt-16 sm:mt-20"
  data-testid="Photos"
>
  <div
    class="-my-4 flex justify-center gap-5 overflow-hidden py-4 sm:gap-8"
  >
    <div
      class="relative aspect-[1/1] w-28 flex-none overflow-hidden rounded-xl bg-zinc-100 dark:bg-zinc-800 sm:w-40 sm:rounded-2xl md:w-48 lg:w-56 xl:w-64 2xl:w-72"
    >
      <img
        alt=""
        class="absolute inset-0 h-full w-full object-cover"
        data-nimg="1"
        decoding="async"
        height="40"
        loading="lazy"
        sizes="(min-width: 640px) 18rem, 11rem"
        src="/_next/image?url=%2Fimg.jpg&w=3840&q=75"
        srcset="/_next/image?url=%2Fimg.jpg&w=16&q=75 16w, /_next/image?url=%2Fimg.jpg&w=32&q=75 32w, /_next/image?url=%2Fimg.jpg&w=48&q=75 48w, /_next/image?url=%2Fimg.jpg&w=64&q=75 64w, /_next/image?url=%2Fimg.jpg&w=96&q=75 96w, /_next/image?url=%2Fimg.jpg&w=128&q=75 128w, /_next/image?url=%2Fimg.jpg&w=256&q=75 256w, /_next/image?url=%2Fimg.jpg&w=384&q=75 384w, /_next/image?url=%2Fimg.jpg&w=640&q=75 640w, /_next/image?url=%2Fimg.jpg&w=750&q=75 750w, /_next/image?url=%2Fimg.jpg&w=828&q=75 828w, /_next/image?url=%2Fimg.jpg&w=1080&q=75 1080w, /_next/image?url=%2Fimg.jpg&w=1200&q=75 1200w, /_next/image?url=%2Fimg.jpg&w=1920&q=75 1920w, /_next/image?url=%2Fimg.jpg&w=2048&q=75 2048w, /_next/image?url=%2Fimg.jpg&w=3840&q=75 3840w"
        style="color: transparent;"
        width="40"
      />
    </div>
    <div
      class="relative aspect-[1/1] w-28 flex-none overflow-hidden rounded-xl bg-zinc-100 dark:bg-zinc-800 sm:w-40 sm:rounded-2xl md:w-48 lg:w-56 xl:w-64 2xl:w-72"
    >
      <img
        alt=""
        class="absolute inset-0 h-full w-full object-cover"
        data-nimg="1"
        decoding="async"
        height="40"
        loading="lazy"
        sizes="(min-width: 640px) 18rem, 11rem"
        src="/_next/image?url=%2Fimg.jpg&w=3840&q=75"
        srcset="/_next/image?url=%2Fimg.jpg&w=16&q=75 16w, /_next/image?url=%2Fimg.jpg&w=32&q=75 32w, /_next/image?url=%2Fimg.jpg&w=48&q=75 48w, /_next/image?url=%2Fimg.jpg&w=64&q=75 64w, /_next/image?url=%2Fimg.jpg&w=96&q=75 96w, /_next/image?url=%2Fimg.jpg&w=128&q=75 128w, /_next/image?url=%2Fimg.jpg&w=256&q=75 256w, /_next/image?url=%2Fimg.jpg&w=384&q=75 384w, /_next/image?url=%2Fimg.jpg&w=640&q=75 640w, /_next/image?url=%2Fimg.jpg&w=750&q=75 750w, /_next/image?url=%2Fimg.jpg&w=828&q=75 828w, /_next/image?url=%2Fimg.jpg&w=1080&q=75 1080w, /_next/image?url=%2Fimg.jpg&w=1200&q=75 1200w, /_next/image?url=%2Fimg.jpg&w=1920&q=75 1920w, /_next/image?url=%2Fimg.jpg&w=2048&q=75 2048w, /_next/image?url=%2Fimg.jpg&w=3840&q=75 3840w"
        style="color: transparent;"
        width="40"
      />
    </div>
    <div
      class="relative aspect-[1/1] w-28 flex-none overflow-hidden rounded-xl bg-zinc-100 dark:bg-zinc-800 sm:w-40 sm:rounded-2xl md:w-48 lg:w-56 xl:w-64 2xl:w-72"
    >
      <img
        alt=""
        class="absolute inset-0 h-full w-full object-cover"
        data-nimg="1"
        decoding="async"
        height="40"
        loading="lazy"
        sizes="(min-width: 640px) 18rem, 11rem"
        src="/_next/image?url=%2Fimg.jpg&w=3840&q=75"
        srcset="/_next/image?url=%2Fimg.jpg&w=16&q=75 16w, /_next/image?url=%2Fimg.jpg&w=32&q=75 32w, /_next/image?url=%2Fimg.jpg&w=48&q=75 48w, /_next/image?url=%2Fimg.jpg&w=64&q=75 64w, /_next/image?url=%2Fimg.jpg&w=96&q=75 96w, /_next/image?url=%2Fimg.jpg&w=128&q=75 128w, /_next/image?url=%2Fimg.jpg&w=256&q=75 256w, /_next/image?url=%2Fimg.jpg&w=384&q=75 384w, /_next/image?url=%2Fimg.jpg&w=640&q=75 640w, /_next/image?url=%2Fimg.jpg&w=750&q=75 750w, /_next/image?url=%2Fimg.jpg&w=828&q=75 828w, /_next/image?url=%2Fimg.jpg&w=1080&q=75 1080w, /_next/image?url=%2Fimg.jpg&w=1200&q=75 1200w, /_next/image?url=%2Fimg.jpg&w=1920&q=75 1920w, /_next/image?url=%2Fimg.jpg&w=2048&q=75 2048w, /_next/image?url=%2Fimg.jpg&w=3840&q=75 3840w"
        style="color: transparent;"
        width="40"
      />
    </div>
  </div>
</div>
`;
